
=== STARTING ENDPOINT SECURITY VERIFICATION ===
Testing GET /...
   -> Status: 200
Testing GET /health...
   -> Status: 200
Testing GET /analytics/weak-topics?user_id=123...
   -> Status: 401
